database:INFO:Project table was created!:2026-09-03 11:58:26,192
database:INFO:Milestones table was created!:2026-09-03 11:58:26,192
__main__:INFO:Project table was created!:2026-09-03 11:59:28,820
__main__:INFO:Milestones table was created!:2026-09-03 11:59:28,820
__main__:INFO:Project table was created!:2026-09-03 12:00:43,223
__main__:INFO:Milestones table was created!:2026-09-03 12:00:43,223
__main__:INFO:User table was created!:2026-09-03 12:00:43,227
__main__:INFO:Task table was created!:2026-09-03 12:00:43,227
database:INFO:Project table was created!:2026-09-03 12:01:13,307
database:INFO:Milestones table was created!:2026-09-03 12:01:13,307
database:INFO:User table was created!:2026-09-03 12:01:13,307
database:INFO:Task table was created!:2026-09-03 12:01:13,308
database:INFO:Project table was created!:2026-09-03 12:04:28,902
database:INFO:Milestones table was created!:2026-09-03 12:04:28,903
database:INFO:User table was created!:2026-09-03 12:04:28,903
database:INFO:Task table was created!:2026-09-03 12:04:28,903
database:INFO:Project table was created!:2026-09-03 12:08:28,414
database:INFO:Milestones table was created!:2026-09-03 12:08:28,414
database:INFO:User table was created!:2026-09-03 12:08:28,415
database:INFO:Task table was created!:2026-09-03 12:08:28,415
database:INFO:Project table was created!:2026-09-03 12:10:39,215
database:INFO:Milestones table was created!:2026-09-03 12:10:39,215
database:INFO:User table was created!:2026-09-03 12:10:39,216
database:INFO:Task table was created!:2026-09-03 12:10:39,216
database:INFO:Project table was created!:2026-09-03 12:12:38,388
database:INFO:Milestones table was created!:2026-09-03 12:12:38,388
database:INFO:User table was created!:2026-09-03 12:12:38,389
database:INFO:Task table was created!:2026-09-03 12:12:38,389
database:INFO:Project table was created!:2026-09-03 12:22:31,586
database:INFO:Milestones table was created!:2026-09-03 12:22:31,587
database:INFO:User table was created!:2026-09-03 12:22:31,587
database:INFO:Task table was created!:2026-09-03 12:22:31,587
database:INFO:Project table was created!:2026-09-03 12:25:24,417
database:INFO:Milestones table was created!:2026-09-03 12:25:24,418
database:INFO:User table was created!:2026-09-03 12:25:24,418
database:INFO:Task table was created!:2026-09-03 12:25:24,418
database:INFO:Project table was created!:2026-09-03 12:25:43,490
database:INFO:Milestones table was created!:2026-09-03 12:25:43,490
database:INFO:User table was created!:2026-09-03 12:25:43,490
database:INFO:Task table was created!:2026-09-03 12:25:43,490
database:INFO:Project table was created!:2026-09-03 12:26:42,152
database:INFO:Milestones table was created!:2026-09-03 12:26:42,152
database:INFO:User table was created!:2026-09-03 12:26:42,153
database:INFO:Task table was created!:2026-09-03 12:26:42,153
__main__:INFO:Project table was created!:2026-09-03 12:28:41,775
__main__:INFO:Milestones table was created!:2026-09-03 12:28:41,776
__main__:INFO:User table was created!:2026-09-03 12:28:41,776
__main__:INFO:Task table was created!:2026-09-03 12:28:41,785
database:INFO:Project table was created!:2026-09-03 12:29:06,223
database:INFO:Milestones table was created!:2026-09-03 12:29:06,223
database:INFO:User table was created!:2026-09-03 12:29:06,223
database:INFO:Task table was created!:2026-09-03 12:29:06,224
database:INFO:Project table was created!:2026-09-03 12:31:54,933
database:INFO:Milestones table was created!:2026-09-03 12:31:54,933
database:INFO:User table was created!:2026-09-03 12:31:54,934
database:INFO:Task table was created!:2026-09-03 12:31:54,934
__main__:INFO:Project seeded successfully!:2026-09-03 12:31:54,935
__main__:ERROR:Database error during seeding: no such table: Milestone:2026-09-03 12:31:54,935
database:INFO:Project table was created!:2026-09-03 12:32:30,243
database:INFO:Milestones table was created!:2026-09-03 12:32:30,244
database:INFO:User table was created!:2026-09-03 12:32:30,244
database:INFO:Task table was created!:2026-09-03 12:32:30,244
__main__:INFO:Project seeded successfully!:2026-09-03 12:32:30,245
__main__:ERROR:Database error during seeding: no such table: Milestone:2026-09-03 12:32:30,246
database:INFO:Project table was created!:2026-09-03 12:35:47,938
database:INFO:Milestones table was created!:2026-09-03 12:35:47,938
database:INFO:User table was created!:2026-09-03 12:35:47,939
database:INFO:Task table was created!:2026-09-03 12:35:47,939
__main__:INFO:Project seeded successfully!:2026-09-03 12:35:47,941
__main__:ERROR:Database error during seeding: no such table: Milestone:2026-09-03 12:35:47,942
database:INFO:Project table was created!:2026-09-03 12:37:36,788
database:INFO:Milestones table was created!:2026-09-03 12:37:36,789
database:INFO:User table was created!:2026-09-03 12:37:36,789
database:INFO:Task table was created!:2026-09-03 12:37:36,789
__main__:INFO:Project seeded successfully!:2026-09-03 12:37:36,791
__main__:ERROR:Database error during seeding: no such table: Milestone:2026-09-03 12:37:36,791
__main__:INFO:Project table was created!:2026-09-03 12:40:13,331
__main__:INFO:Milestones table was created!:2026-09-03 12:40:13,340
__main__:INFO:User table was created!:2026-09-03 12:40:13,348
__main__:INFO:Task table was created!:2026-09-03 12:40:13,349
database:INFO:Project table was created!:2026-09-03 12:40:36,139
database:INFO:Project table was created!:2026-09-03 12:41:08,363
__main__:INFO:Project table was created!:2026-09-03 12:41:24,569
__main__:INFO:Milestones table was created!:2026-09-03 12:41:24,570
__main__:INFO:User table was created!:2026-09-03 12:41:24,570
__main__:INFO:Task table was created!:2026-09-03 12:41:24,570
database:INFO:Project table was created!:2026-09-03 12:41:31,491
database:INFO:Milestones table was created!:2026-09-03 12:41:31,492
database:INFO:User table was created!:2026-09-03 12:41:31,492
database:INFO:Task table was created!:2026-09-03 12:41:31,492
__main__:INFO:Project seeded successfully!:2026-09-03 12:41:31,493
__main__:INFO:Milestones seeded successfully!:2026-09-03 12:41:31,494
__main__:INFO:Users seeded successfully!:2026-09-03 12:41:31,494
__main__:ERROR:Database error during seeding: 4 values for 5 columns:2026-09-03 12:41:31,495
database:INFO:Project table was created!:2026-09-03 12:42:44,028
database:INFO:Milestones table was created!:2026-09-03 12:42:44,028
database:INFO:User table was created!:2026-09-03 12:42:44,029
database:INFO:Task table was created!:2026-09-03 12:42:44,029
__main__:INFO:Project seeded successfully!:2026-09-03 12:42:44,030
__main__:INFO:Milestones seeded successfully!:2026-09-03 12:42:44,030
__main__:INFO:Users seeded successfully!:2026-09-03 12:42:44,031
__main__:ERROR:Database error during seeding: no such table: main.Milestones:2026-09-03 12:42:44,031
database:INFO:Project table was created!:2026-09-03 12:45:37,878
database:INFO:Milestones table was created!:2026-09-03 12:45:37,879
database:INFO:User table was created!:2026-09-03 12:45:37,879
database:INFO:Task table was created!:2026-09-03 12:45:37,879
__main__:INFO:Project seeded successfully!:2026-09-03 12:45:37,881
__main__:INFO:Milestones seeded successfully!:2026-09-03 12:45:37,881
__main__:INFO:Users seeded successfully!:2026-09-03 12:45:37,881
__main__:ERROR:Database error during seeding: no such table: main.Milestones:2026-09-03 12:45:37,882
database:INFO:Project table was created!:2026-09-03 12:47:05,970
database:INFO:Milestones table was created!:2026-09-03 12:47:05,970
database:INFO:User table was created!:2026-09-03 12:47:05,971
database:INFO:Task table was created!:2026-09-03 12:47:05,971
__main__:INFO:Project seeded successfully!:2026-09-03 12:47:05,972
__main__:INFO:Milestones seeded successfully!:2026-09-03 12:47:05,972
__main__:INFO:Users seeded successfully!:2026-09-03 12:47:05,972
__main__:ERROR:Database error during seeding: no such table: main.Milestones:2026-09-03 12:47:05,973
__main__:INFO:Project table was created!:2026-09-03 12:49:05,286
__main__:INFO:Milestones table was created!:2026-09-03 12:49:05,294
__main__:INFO:User table was created!:2026-09-03 12:49:05,294
__main__:INFO:Task table was created!:2026-09-03 12:49:05,301
__main__:INFO:Project table was created!:2026-09-03 12:50:36,157
__main__:INFO:Milestones table was created!:2026-09-03 12:50:36,157
__main__:INFO:User table was created!:2026-09-03 12:50:36,157
__main__:INFO:Task table was created!:2026-09-03 12:50:36,158
database:INFO:Project table was created!:2026-09-03 12:50:45,007
database:INFO:Milestones table was created!:2026-09-03 12:50:45,008
database:INFO:User table was created!:2026-09-03 12:50:45,008
database:INFO:Task table was created!:2026-09-03 12:50:45,008
__main__:INFO:Project seeded successfully!:2026-09-03 12:50:45,009
__main__:INFO:Milestones seeded successfully!:2026-09-03 12:50:45,010
__main__:INFO:Users seeded successfully!:2026-09-03 12:50:45,010
__main__:INFO:Task seeded successfully!:2026-09-03 12:50:45,010
__main__:INFO:Database created and successfully seeded!:2026-09-03 12:50:45,012
database:INFO:Project table was created!:2026-09-06 20:27:42,433
database:INFO:Milestones table was created!:2026-09-06 20:27:42,434
database:INFO:User table was created!:2026-09-06 20:27:42,434
database:INFO:Task table was created!:2026-09-06 20:27:42,435
database:INFO:Database schena intialized successfully!:2026-09-06 20:27:42,435
__main__:INFO:Project seeded successfully!:2026-09-06 20:27:42,436
__main__:INFO:Milestones seeded successfully!:2026-09-06 20:27:42,436
__main__:ERROR:Database error during seeding: UNIQUE constraint failed: User.email:2026-09-06 20:27:42,437
database:INFO:Project table was created!:2026-09-08 08:41:48,313
database:INFO:Milestones table was created!:2026-09-08 08:41:48,314
database:INFO:User table was created!:2026-09-08 08:41:48,314
database:INFO:Task table was created!:2026-09-08 08:41:48,314
database:INFO:Database schena intialized successfully!:2026-09-08 08:41:48,314
__main__:INFO:Project seeded successfully!:2026-09-08 08:41:48,316
__main__:INFO:Milestones seeded successfully!:2026-09-08 08:41:48,316
__main__:ERROR:Database error during seeding: UNIQUE constraint failed: User.email:2026-09-08 08:41:48,316
database:INFO:Project table was created!:2026-09-08 08:44:08,286
database:INFO:Milestones table was created!:2026-09-08 08:44:08,287
database:INFO:User table was created!:2026-09-08 08:44:08,287
database:INFO:Task table was created!:2026-09-08 08:44:08,288
database:INFO:Database schena intialized successfully!:2026-09-08 08:44:08,288
__main__:INFO:Project seeded successfully!:2026-09-08 08:44:08,289
__main__:INFO:Milestones seeded successfully!:2026-09-08 08:44:08,289
__main__:ERROR:Database error during seeding: UNIQUE constraint failed: User.email:2026-09-08 08:44:08,290
database:INFO:Project table was created!:2026-09-08 08:46:43,160
database:INFO:Milestones table was created!:2026-09-08 08:46:43,161
database:INFO:User table was created!:2026-09-08 08:46:43,161
database:INFO:Task table was created!:2026-09-08 08:46:43,161
database:INFO:Database schena intialized successfully!:2026-09-08 08:46:43,162
__main__:INFO:Project seeded successfully!:2026-09-08 08:46:43,163
__main__:INFO:Milestones seeded successfully!:2026-09-08 08:46:43,163
__main__:ERROR:Database error during seeding: UNIQUE constraint failed: User.email:2026-09-08 08:46:43,164
database:INFO:Project table was created!:2026-09-08 08:47:12,199
database:INFO:Milestones table was created!:2026-09-08 08:47:12,200
database:INFO:User table was created!:2026-09-08 08:47:12,200
database:INFO:Task table was created!:2026-09-08 08:47:12,201
database:INFO:Database schena intialized successfully!:2026-09-08 08:47:12,201
__main__:INFO:Project seeded successfully!:2026-09-08 08:47:12,202
__main__:INFO:Milestones seeded successfully!:2026-09-08 08:47:12,203
__main__:ERROR:Database error during seeding: UNIQUE constraint failed: User.email:2026-09-08 08:47:12,204
database:INFO:Project table was created!:2026-09-16 08:52:10,035
database:INFO:Milestones table was created!:2026-09-16 08:52:10,037
database:INFO:User table was created!:2026-09-16 08:52:10,037
database:INFO:Task table was created!:2026-09-16 08:52:10,037
database:INFO:Database schena intialized successfully!:2026-09-16 08:52:10,038
__main__:INFO:Project seeded successfully!:2026-09-16 08:52:10,039
__main__:INFO:Milestones seeded successfully!:2026-09-16 08:52:10,040
__main__:INFO:Users seeded successfully!:2026-09-16 08:52:10,041
__main__:INFO:Task seeded successfully!:2026-09-16 08:52:10,042
__main__:INFO:Database created and successfully seeded!:2026-09-16 08:52:10,047
database:INFO:Project table was created!:2026-09-16 09:16:31,586
database:INFO:Milestones table was created!:2026-09-16 09:16:31,622
database:INFO:User table was created!:2026-09-16 09:16:31,623
database:INFO:Task table was created!:2026-09-16 09:16:31,623
database:INFO:Database schena intialized successfully!:2026-09-16 09:16:31,623
__main__:INFO:Project seeded successfully!:2026-09-16 09:16:31,625
__main__:INFO:Milestones seeded successfully!:2026-09-16 09:16:31,629
__main__:INFO:Users seeded successfully!:2026-09-16 09:16:31,630
__main__:INFO:Task seeded successfully!:2026-09-16 09:16:31,630
__main__:INFO:Database created and successfully seeded!:2026-09-16 09:16:31,633
database:INFO:Project table was created!:2026-09-16 09:18:01,331
database:INFO:Milestones table was created!:2026-09-16 09:18:01,332
database:INFO:User table was created!:2026-09-16 09:18:01,332
database:INFO:Task table was created!:2026-09-16 09:18:01,332
database:INFO:Database schena intialized successfully!:2026-09-16 09:18:01,332
__main__:INFO:Project seeded successfully!:2026-09-16 09:18:01,334
__main__:INFO:Milestones seeded successfully!:2026-09-16 09:18:01,334
__main__:INFO:Users seeded successfully!:2026-09-16 09:18:01,335
__main__:INFO:Task seeded successfully!:2026-09-16 09:18:01,335
__main__:INFO:Database created and successfully seeded!:2026-09-16 09:18:01,338
database:INFO:Project table was created!:2026-09-16 09:18:28,383
database:INFO:Milestones table was created!:2026-09-16 09:18:28,383
database:INFO:User table was created!:2026-09-16 09:18:28,384
database:INFO:Task table was created!:2026-09-16 09:18:28,384
database:INFO:Database schena intialized successfully!:2026-09-16 09:18:28,385
__main__:INFO:Project seeded successfully!:2026-09-16 09:18:28,386
__main__:INFO:Milestones seeded successfully!:2026-09-16 09:18:28,387
__main__:INFO:Users seeded successfully!:2026-09-16 09:18:28,387
__main__:INFO:Task seeded successfully!:2026-09-16 09:18:28,388
__main__:INFO:Database created and successfully seeded!:2026-09-16 09:18:28,390
database:INFO:Project table was created!:2026-09-16 09:18:56,425
database:INFO:Milestones table was created!:2026-09-16 09:18:56,426
database:INFO:User table was created!:2026-09-16 09:18:56,427
database:INFO:Task table was created!:2026-09-16 09:18:56,427
database:INFO:Database schena intialized successfully!:2026-09-16 09:18:56,427
__main__:INFO:Project seeded successfully!:2026-09-16 09:18:56,430
__main__:INFO:Milestones seeded successfully!:2026-09-16 09:18:56,430
__main__:INFO:Users seeded successfully!:2026-09-16 09:18:56,431
__main__:INFO:Task seeded successfully!:2026-09-16 09:18:56,431
__main__:INFO:Database created and successfully seeded!:2026-09-16 09:18:56,435
database:INFO:Project table was created!:2026-09-16 09:25:07,884
database:INFO:Milestones table was created!:2026-09-16 09:25:07,885
database:INFO:User table was created!:2026-09-16 09:25:07,885
database:INFO:Task table was created!:2026-09-16 09:25:07,885
database:INFO:Database schena intialized successfully!:2026-09-16 09:25:07,886
__main__:INFO:Project seeded successfully!:2026-09-16 09:25:07,887
__main__:INFO:Milestones seeded successfully!:2026-09-16 09:25:07,888
__main__:INFO:Users seeded successfully!:2026-09-16 09:25:07,888
__main__:INFO:Task seeded successfully!:2026-09-16 09:25:07,888
__main__:INFO:Database created and successfully seeded!:2026-09-16 09:25:07,891
database:INFO:Project table was created!:2026-09-16 16:01:14,411
database:INFO:Milestones table was created!:2026-09-16 16:01:14,413
database:INFO:User table was created!:2026-09-16 16:01:14,413
database:INFO:Task table was created!:2026-09-16 16:01:14,413
database:INFO:Database schena intialized successfully!:2026-09-16 16:01:14,414
__main__:INFO:Project seeded successfully!:2026-09-16 16:01:14,415
__main__:INFO:Milestones seeded successfully!:2026-09-16 16:01:14,415
__main__:INFO:Users seeded successfully!:2026-09-16 16:01:14,415
__main__:INFO:Task seeded successfully!:2026-09-16 16:01:14,415
__main__:INFO:Database created and successfully seeded!:2026-09-16 16:01:14,418
database:INFO:Project table was created!:2026-09-16 16:05:35,847
database:INFO:Milestones table was created!:2026-09-16 16:05:35,848
database:INFO:User table was created!:2026-09-16 16:05:35,849
database:INFO:Task table was created!:2026-09-16 16:05:35,850
database:INFO:Database schena intialized successfully!:2026-09-16 16:05:35,850
__main__:INFO:Project seeded successfully!:2026-09-16 16:05:35,851
__main__:INFO:Milestones seeded successfully!:2026-09-16 16:05:35,852
__main__:INFO:Users seeded successfully!:2026-09-16 16:05:35,853
__main__:INFO:Task seeded successfully!:2026-09-16 16:05:35,854
__main__:INFO:Database created and successfully seeded!:2026-09-16 16:05:35,857
database:INFO:Project table was created!:2026-09-16 16:10:26,739
database:INFO:Milestones table was created!:2026-09-16 16:10:26,740
database:INFO:User table was created!:2026-09-16 16:10:26,740
database:INFO:Task table was created!:2026-09-16 16:10:26,740
database:INFO:Database schena intialized successfully!:2026-09-16 16:10:26,741
__main__:INFO:Project seeded successfully!:2026-09-16 16:10:26,742
__main__:INFO:Milestones seeded successfully!:2026-09-16 16:10:26,742
__main__:INFO:Users seeded successfully!:2026-09-16 16:10:26,743
__main__:INFO:Task seeded successfully!:2026-09-16 16:10:26,743
__main__:INFO:Database created and successfully seeded!:2026-09-16 16:10:26,746
database:INFO:Project table was created!:2026-09-17 12:07:05,947
database:INFO:Milestones table was created!:2026-09-17 12:07:05,948
database:INFO:User table was created!:2026-09-17 12:07:05,948
database:INFO:Task table was created!:2026-09-17 12:07:05,948
database:INFO:Database schena intialized successfully!:2026-09-17 12:07:05,948
__main__:INFO:Project seeded successfully!:2026-09-17 12:07:05,950
__main__:INFO:Milestones seeded successfully!:2026-09-17 12:07:05,950
__main__:INFO:Users seeded successfully!:2026-09-17 12:07:05,950
__main__:INFO:Task seeded successfully!:2026-09-17 12:07:05,950
__main__:INFO:Database created and successfully seeded!:2026-09-17 12:07:05,953
__main__:INFO:Project table was created!:2026-09-17 14:48:17,247
__main__:INFO:Milestones table was created!:2026-09-17 14:48:17,248
__main__:INFO:User table was created!:2026-09-17 14:48:17,248
__main__:INFO:Task table was created!:2026-09-17 14:48:17,248
__main__:INFO:Database schena intialized successfully!:2026-09-17 14:48:17,248
database:INFO:Project table was created!:2026-09-17 14:48:19,928
database:INFO:Milestones table was created!:2026-09-17 14:48:19,929
database:INFO:User table was created!:2026-09-17 14:48:19,929
database:INFO:Task table was created!:2026-09-17 14:48:19,929
database:INFO:Database schena intialized successfully!:2026-09-17 14:48:19,929
__main__:INFO:Project seeded successfully!:2026-09-17 14:48:19,931
__main__:INFO:Milestones seeded successfully!:2026-09-17 14:48:19,932
__main__:INFO:Users seeded successfully!:2026-09-17 14:48:19,932
__main__:INFO:Task seeded successfully!:2026-09-17 14:48:19,932
__main__:INFO:Database created and successfully seeded!:2026-09-17 14:48:19,945
database:INFO:Project table was created!:2026-09-17 14:53:39,546
database:INFO:Milestones table was created!:2026-09-17 14:53:39,546
database:INFO:User table was created!:2026-09-17 14:53:39,547
database:INFO:Task table was created!:2026-09-17 14:53:39,547
database:INFO:Database schena intialized successfully!:2026-09-17 14:53:39,547
__main__:INFO:Project seeded successfully!:2026-09-17 14:53:39,550
__main__:INFO:Milestones seeded successfully!:2026-09-17 14:53:39,551
__main__:INFO:Users seeded successfully!:2026-09-17 14:53:39,551
__main__:INFO:Task seeded successfully!:2026-09-17 14:53:39,552
__main__:INFO:Database created and successfully seeded!:2026-09-17 14:53:39,556
database:INFO:Project table was created!:2026-09-17 14:54:07,629
database:INFO:Milestones table was created!:2026-09-17 14:54:07,629
database:INFO:User table was created!:2026-09-17 14:54:07,629
database:INFO:Task table was created!:2026-09-17 14:54:07,630
database:INFO:Database schena intialized successfully!:2026-09-17 14:54:07,630
__main__:INFO:Project seeded successfully!:2026-09-17 14:54:07,631
__main__:INFO:Milestones seeded successfully!:2026-09-17 14:54:07,631
__main__:INFO:Users seeded successfully!:2026-09-17 14:54:07,631
__main__:INFO:Task seeded successfully!:2026-09-17 14:54:07,631
__main__:INFO:Database created and successfully seeded!:2026-09-17 14:54:07,634
database:INFO:Project table was created!:2026-09-17 15:42:49,546
database:INFO:Milestones table was created!:2026-09-17 15:42:49,547
database:INFO:User table was created!:2026-09-17 15:42:49,547
database:INFO:Task table was created!:2026-09-17 15:42:49,548
database:INFO:Database schena intialized successfully!:2026-09-17 15:42:49,548
__main__:INFO:Project seeded successfully!:2026-09-17 15:42:49,549
__main__:INFO:Milestones seeded successfully!:2026-09-17 15:42:49,549
__main__:INFO:Users seeded successfully!:2026-09-17 15:42:49,549
__main__:INFO:Task seeded successfully!:2026-09-17 15:42:49,550
__main__:INFO:Database created and successfully seeded!:2026-09-17 15:42:49,552
database:INFO:Project table was created!:2026-09-17 16:48:42,686
database:INFO:Milestones table was created!:2026-09-17 16:48:42,686
database:INFO:User table was created!:2026-09-17 16:48:42,687
database:INFO:Task table was created!:2026-09-17 16:48:42,687
database:INFO:Database schena intialized successfully!:2026-09-17 16:48:42,687
__main__:INFO:Project seeded successfully!:2026-09-17 16:48:42,688
__main__:INFO:Milestones seeded successfully!:2026-09-17 16:48:42,689
__main__:INFO:Users seeded successfully!:2026-09-17 16:48:42,689
__main__:INFO:Task seeded successfully!:2026-09-17 16:48:42,690
__main__:INFO:Database created and successfully seeded!:2026-09-17 16:48:42,694
database:INFO:Project table was created!:2026-09-17 17:01:23,630
database:INFO:Milestones table was created!:2026-09-17 17:01:23,631
database:INFO:User table was created!:2026-09-17 17:01:23,631
database:INFO:Task table was created!:2026-09-17 17:01:23,632
database:INFO:Database schena intialized successfully!:2026-09-17 17:01:23,632
__main__:INFO:Project seeded successfully!:2026-09-17 17:01:23,634
__main__:ERROR:Database error during seeding: FOREIGN KEY constraint failed:2026-09-17 17:01:23,634
database:INFO:Project table was created!:2026-09-18 09:00:27,968
database:INFO:Milestones table was created!:2026-09-18 09:00:27,969
database:INFO:User table was created!:2026-09-18 09:00:27,970
database:INFO:Task table was created!:2026-09-18 09:00:27,970
database:INFO:Database schena intialized successfully!:2026-09-18 09:00:27,970
__main__:ERROR:Database error during seeding: FOREIGN KEY constraint failed:2026-09-18 09:00:27,972
database:INFO:Project table was created!:2026-09-18 09:02:42,350
database:INFO:Milestones table was created!:2026-09-18 09:02:42,350
database:INFO:User table was created!:2026-09-18 09:02:42,351
database:INFO:Task table was created!:2026-09-18 09:02:42,351
database:INFO:Database schena intialized successfully!:2026-09-18 09:02:42,351
__main__:ERROR:Database error during seeding: FOREIGN KEY constraint failed:2026-09-18 09:02:42,354
database:INFO:Project table was created!:2026-09-18 09:26:07,764
database:INFO:Milestones table was created!:2026-09-18 09:26:07,764
database:INFO:User table was created!:2026-09-18 09:26:07,765
database:INFO:Task table was created!:2026-09-18 09:26:07,765
database:INFO:Database schena intialized successfully!:2026-09-18 09:26:07,765
__main__:INFO:Project seeded successfully!:2026-09-18 09:26:07,766
__main__:ERROR:Database error during seeding: FOREIGN KEY constraint failed:2026-09-18 09:26:07,767
database:INFO:Project table was created!:2026-09-18 09:26:12,813
database:INFO:Milestones table was created!:2026-09-18 09:26:12,814
database:INFO:User table was created!:2026-09-18 09:26:12,814
database:INFO:Task table was created!:2026-09-18 09:26:12,814
database:INFO:Database schena intialized successfully!:2026-09-18 09:26:12,814
__main__:INFO:Project seeded successfully!:2026-09-18 09:26:12,815
__main__:ERROR:Database error during seeding: FOREIGN KEY constraint failed:2026-09-18 09:26:12,816
database:INFO:Project table was created!:2026-09-18 09:30:46,704
database:INFO:Milestones table was created!:2026-09-18 09:30:46,704
database:INFO:User table was created!:2026-09-18 09:30:46,705
database:INFO:Task table was created!:2026-09-18 09:30:46,705
database:INFO:Database schena intialized successfully!:2026-09-18 09:30:46,705
__main__:INFO:Project seeded successfully!:2026-09-18 09:30:46,706
__main__:ERROR:Database error during seeding: FOREIGN KEY constraint failed:2026-09-18 09:30:46,707
database:INFO:Project table was created!:2026-09-18 09:34:40,674
database:INFO:Milestones table was created!:2026-09-18 09:34:40,675
database:INFO:User table was created!:2026-09-18 09:34:40,675
database:INFO:Task table was created!:2026-09-18 09:34:40,675
database:INFO:Database schena intialized successfully!:2026-09-18 09:34:40,675
__main__:INFO:Project seeded successfully!:2026-09-18 09:34:40,677
__main__:INFO:Milestones seeded successfully!:2026-09-18 09:34:40,678
__main__:INFO:Users seeded successfully!:2026-09-18 09:34:40,678
__main__:ERROR:Database error during seeding: FOREIGN KEY constraint failed:2026-09-18 09:34:40,679
database:INFO:Project table was created!:2026-09-18 09:37:45,900
database:INFO:Milestones table was created!:2026-09-18 09:37:45,900
database:INFO:User table was created!:2026-09-18 09:37:45,901
database:INFO:Task table was created!:2026-09-18 09:37:45,901
database:INFO:Database schena intialized successfully!:2026-09-18 09:37:45,901
__main__:INFO:Project seeded successfully!:2026-09-18 09:37:45,902
__main__:INFO:Milestones seeded successfully!:2026-09-18 09:37:45,903
__main__:INFO:Users seeded successfully!:2026-09-18 09:37:45,904
__main__:ERROR:Database error during seeding: FOREIGN KEY constraint failed:2026-09-18 09:37:45,905
database:INFO:Project table was created!:2026-09-18 09:55:59,355
database:INFO:Milestones table was created!:2026-09-18 09:55:59,356
database:INFO:User table was created!:2026-09-18 09:55:59,356
database:INFO:Task table was created!:2026-09-18 09:55:59,356
database:INFO:Database schema intialized successfully!:2026-09-18 09:55:59,357
__main__:INFO:Project seeded successfully!:2026-09-18 09:55:59,359
__main__:INFO:Milestones seeded successfully!:2026-09-18 09:55:59,362
__main__:INFO:Users seeded successfully!:2026-09-18 09:55:59,367
__main__:ERROR:Database error during seeding: FOREIGN KEY constraint failed:2026-09-18 09:55:59,367
database:INFO:Project table was created!:2026-09-18 09:58:13,716
database:INFO:Milestones table was created!:2026-09-18 09:58:13,718
database:INFO:User table was created!:2026-09-18 09:58:13,719
database:INFO:Task table was created!:2026-09-18 09:58:13,720
database:INFO:Database schema intialized successfully!:2026-09-18 09:58:13,720
__main__:INFO:Project seeded successfully!:2026-09-18 09:58:13,722
__main__:INFO:Milestones seeded successfully!:2026-09-18 09:58:13,723
__main__:INFO:Users seeded successfully!:2026-09-18 09:58:13,723
__main__:ERROR:Database error during seeding: FOREIGN KEY constraint failed:2026-09-18 09:58:13,724
database:INFO:Project table was created!:2026-09-18 10:02:28,678
database:INFO:Milestones table was created!:2026-09-18 10:02:28,678
database:INFO:User table was created!:2026-09-18 10:02:28,679
database:INFO:Task table was created!:2026-09-18 10:02:28,679
database:INFO:Database schema intialized successfully!:2026-09-18 10:02:28,679
__main__:INFO:Project seeded successfully!:2026-09-18 10:02:28,680
__main__:INFO:Milestones seeded successfully!:2026-09-18 10:02:28,681
__main__:INFO:Users seeded successfully!:2026-09-18 10:02:28,681
__main__:INFO:Task seeded successfully!:2026-09-18 10:02:28,681
__main__:INFO:Database created and successfully seeded!:2026-09-18 10:02:28,684
__main__:INFO:Project seeded successfully!:2026-09-18 10:02:28,784
__main__:INFO:Milestones seeded successfully!:2026-09-18 10:02:28,785
__main__:INFO:Task seeded successfully!:2026-09-18 10:02:28,785
__main__:ERROR:Database error during seeding: FOREIGN KEY constraint failed:2026-09-18 10:02:28,791
database:INFO:Project table was created!:2026-09-18 10:03:25,287
database:INFO:Milestones table was created!:2026-09-18 10:03:25,288
database:INFO:User table was created!:2026-09-18 10:03:25,288
database:INFO:Task table was created!:2026-09-18 10:03:25,288
database:INFO:Database schema intialized successfully!:2026-09-18 10:03:25,288
__main__:INFO:Project seeded successfully!:2026-09-18 10:03:25,289
__main__:INFO:Milestones seeded successfully!:2026-09-18 10:03:25,290
__main__:INFO:Users seeded successfully!:2026-09-18 10:03:25,290
__main__:INFO:Task seeded successfully!:2026-09-18 10:03:25,290
__main__:INFO:Database created and successfully seeded!:2026-09-18 10:03:25,293
__main__:INFO:Project seeded successfully!:2026-09-18 10:03:25,312
__main__:INFO:Milestones seeded successfully!:2026-09-18 10:03:25,315
__main__:INFO:Task seeded successfully!:2026-09-18 10:03:25,316
__main__:ERROR:Database error during seeding: FOREIGN KEY constraint failed:2026-09-18 10:03:25,319
database:INFO:Project table was created!:2026-09-18 10:21:03,325
database:INFO:Milestones table was created!:2026-09-18 10:21:03,325
database:INFO:User table was created!:2026-09-18 10:21:03,326
database:INFO:Task table was created!:2026-09-18 10:21:03,326
database:INFO:Database schema intialized successfully!:2026-09-18 10:21:03,326
__main__:INFO:Project seeded successfully!:2026-09-18 10:21:03,332
__main__:INFO:Milestones seeded successfully!:2026-09-18 10:21:03,334
__main__:INFO:Users seeded successfully!:2026-09-18 10:21:03,335
__main__:ERROR:Database error during seeding: FOREIGN KEY constraint failed:2026-09-18 10:21:03,337
database:INFO:Project table was created!:2026-09-18 10:28:35,715
database:INFO:Milestones table was created!:2026-09-18 10:28:35,715
database:INFO:User table was created!:2026-09-18 10:28:35,716
database:INFO:Task table was created!:2026-09-18 10:28:35,716
database:INFO:Database schema intialized successfully!:2026-09-18 10:28:35,716
__main__:INFO:Project seeded successfully!:2026-09-18 10:28:35,717
__main__:INFO:Milestones seeded successfully!:2026-09-18 10:28:35,717
__main__:INFO:Users seeded successfully!:2026-09-18 10:28:35,718
__main__:INFO:Task seeded successfully!:2026-09-18 10:28:35,719
__main__:INFO:Database created and successfully seeded!:2026-09-18 10:28:35,722
__main__:INFO:Project seeded successfully!:2026-09-18 10:28:35,836
__main__:INFO:Milestones seeded successfully!:2026-09-18 10:28:35,837
__main__:INFO:Task seeded successfully!:2026-09-18 10:28:35,837
__main__:ERROR:Database error during seeding: FOREIGN KEY constraint failed:2026-09-18 10:28:35,840
database:INFO:Project table was created!:2026-09-18 10:30:59,808
database:INFO:Milestones table was created!:2026-09-18 10:30:59,809
database:INFO:User table was created!:2026-09-18 10:30:59,809
database:INFO:Task table was created!:2026-09-18 10:30:59,809
database:INFO:Database schema intialized successfully!:2026-09-18 10:30:59,809
__main__:INFO:Project seeded successfully!:2026-09-18 10:30:59,810
__main__:INFO:Milestones seeded successfully!:2026-09-18 10:30:59,810
__main__:INFO:Users seeded successfully!:2026-09-18 10:30:59,811
__main__:INFO:Task seeded successfully!:2026-09-18 10:30:59,811
__main__:INFO:Database created and successfully seeded!:2026-09-18 10:30:59,814
__main__:INFO:Project seeded successfully!:2026-09-18 10:30:59,836
__main__:INFO:Milestones seeded successfully!:2026-09-18 10:30:59,837
__main__:INFO:Task seeded successfully!:2026-09-18 10:30:59,837
__main__:ERROR:Database error during seeding: FOREIGN KEY constraint failed:2026-09-18 10:30:59,842
database:INFO:Project table was created!:2026-09-18 10:34:12,771
database:INFO:Milestones table was created!:2026-09-18 10:34:12,772
database:INFO:User table was created!:2026-09-18 10:34:12,773
database:INFO:Task table was created!:2026-09-18 10:34:12,773
database:INFO:Database schema intialized successfully!:2026-09-18 10:34:12,773
__main__:INFO:Project seeded successfully!:2026-09-18 10:34:12,774
__main__:INFO:Milestones seeded successfully!:2026-09-18 10:34:12,775
__main__:INFO:Users seeded successfully!:2026-09-18 10:34:12,775
__main__:INFO:Task seeded successfully!:2026-09-18 10:34:12,775
__main__:INFO:Database created and successfully seeded!:2026-09-18 10:34:12,778
__main__:INFO:Project seeded successfully!:2026-09-18 10:34:12,802
__main__:INFO:Milestones seeded successfully!:2026-09-18 10:34:12,804
__main__:INFO:Task seeded successfully!:2026-09-18 10:34:12,807
__main__:ERROR:Database error during seeding: FOREIGN KEY constraint failed:2026-09-18 10:34:12,811
database:INFO:Project table was created!:2026-09-18 10:43:02,919
database:INFO:Milestones table was created!:2026-09-18 10:43:02,919
database:INFO:User table was created!:2026-09-18 10:43:02,919
database:INFO:Task table was created!:2026-09-18 10:43:02,920
database:INFO:Database schema intialized successfully!:2026-09-18 10:43:02,920
__main__:INFO:Project seeded successfully!:2026-09-18 10:43:02,921
__main__:INFO:Milestones seeded successfully!:2026-09-18 10:43:02,921
__main__:INFO:Users seeded successfully!:2026-09-18 10:43:02,922
__main__:INFO:Task seeded successfully!:2026-09-18 10:43:02,922
__main__:INFO:Database created and successfully seeded!:2026-09-18 10:43:02,925
__main__:INFO:Project seeded successfully!:2026-09-18 10:43:02,952
__main__:INFO:Milestones seeded successfully!:2026-09-18 10:43:02,953
__main__:ERROR:Database error during seeding: FOREIGN KEY constraint failed:2026-09-18 10:43:02,955
database:INFO:Project table was created!:2026-09-18 10:51:09,876
database:INFO:Milestones table was created!:2026-09-18 10:51:09,876
database:INFO:User table was created!:2026-09-18 10:51:09,877
database:INFO:Task table was created!:2026-09-18 10:51:09,877
database:INFO:Database schema intialized successfully!:2026-09-18 10:51:09,877
__main__:INFO:Project seeded successfully!:2026-09-18 10:51:09,878
__main__:INFO:Milestones seeded successfully!:2026-09-18 10:51:09,878
__main__:INFO:Users seeded successfully!:2026-09-18 10:51:09,878
__main__:INFO:Task seeded successfully!:2026-09-18 10:51:09,879
__main__:INFO:Database created and successfully seeded!:2026-09-18 10:51:09,881
__main__:INFO:Project seeded successfully!:2026-09-18 10:51:09,914
__main__:INFO:Milestones seeded successfully!:2026-09-18 10:51:09,917
__main__:ERROR:Database error during seeding: FOREIGN KEY constraint failed:2026-09-18 10:51:09,918
database:INFO:Project table was created!:2026-09-18 10:57:42,813
database:INFO:Milestones table was created!:2026-09-18 10:57:42,813
database:INFO:User table was created!:2026-09-18 10:57:42,813
database:INFO:Task table was created!:2026-09-18 10:57:42,814
database:INFO:Database schema intialized successfully!:2026-09-18 10:57:42,814
__main__:INFO:Project seeded successfully!:2026-09-18 10:57:42,816
__main__:INFO:Milestones seeded successfully!:2026-09-18 10:57:42,817
__main__:INFO:Users seeded successfully!:2026-09-18 10:57:42,817
__main__:INFO:Task seeded successfully!:2026-09-18 10:57:42,817
__main__:INFO:Database created and successfully seeded!:2026-09-18 10:57:42,822
__main__:INFO:Project seeded successfully!:2026-09-18 10:57:42,842
__main__:INFO:Milestones seeded successfully!:2026-09-18 10:57:42,842
__main__:ERROR:Database error during seeding: FOREIGN KEY constraint failed:2026-09-18 10:57:42,843
database:INFO:Project table was created!:2026-09-18 11:01:05,399
database:INFO:Milestones table was created!:2026-09-18 11:01:05,401
database:INFO:User table was created!:2026-09-18 11:01:05,401
database:INFO:Task table was created!:2026-09-18 11:01:05,401
database:INFO:Database schema intialized successfully!:2026-09-18 11:01:05,401
__main__:INFO:Project seeded successfully!:2026-09-18 11:01:05,403
__main__:INFO:Milestones seeded successfully!:2026-09-18 11:01:05,403
__main__:INFO:Users seeded successfully!:2026-09-18 11:01:05,404
__main__:ERROR:Database error during seeding: FOREIGN KEY constraint failed:2026-09-18 11:01:05,404
database:INFO:Project table was created!:2026-09-18 11:07:48,088
database:INFO:Milestones table was created!:2026-09-18 11:07:48,089
database:INFO:User table was created!:2026-09-18 11:07:48,090
database:INFO:Task table was created!:2026-09-18 11:07:48,090
database:INFO:Database schema intialized successfully!:2026-09-18 11:07:48,090
__main__:INFO:Project seeded successfully!:2026-09-18 11:07:48,092
__main__:INFO:Milestones seeded successfully!:2026-09-18 11:07:48,092
__main__:INFO:Users seeded successfully!:2026-09-18 11:07:48,092
__main__:ERROR:Database error during seeding: FOREIGN KEY constraint failed:2026-09-18 11:07:48,093
database:INFO:Project table was created!:2026-09-18 11:07:57,554
database:INFO:Milestones table was created!:2026-09-18 11:07:57,555
database:INFO:User table was created!:2026-09-18 11:07:57,555
database:INFO:Task table was created!:2026-09-18 11:07:57,555
database:INFO:Database schema intialized successfully!:2026-09-18 11:07:57,556
__main__:INFO:Project seeded successfully!:2026-09-18 11:07:57,556
__main__:INFO:Milestones seeded successfully!:2026-09-18 11:07:57,557
__main__:INFO:Users seeded successfully!:2026-09-18 11:07:57,557
__main__:ERROR:Database error during seeding: FOREIGN KEY constraint failed:2026-09-18 11:07:57,558
database:INFO:Project table was created!:2026-09-18 11:09:18,421
database:INFO:Milestones table was created!:2026-09-18 11:09:18,422
database:INFO:User table was created!:2026-09-18 11:09:18,423
database:INFO:Task table was created!:2026-09-18 11:09:18,423
database:INFO:Database schema intialized successfully!:2026-09-18 11:09:18,423
__main__:INFO:Project seeded successfully!:2026-09-18 11:09:18,425
__main__:INFO:Milestones seeded successfully!:2026-09-18 11:09:18,425
__main__:INFO:Users seeded successfully!:2026-09-18 11:09:18,426
__main__:ERROR:Database error during seeding: FOREIGN KEY constraint failed:2026-09-18 11:09:18,427
database:INFO:Project table was created!:2026-09-18 11:18:21,436
database:INFO:Milestones table was created!:2026-09-18 11:18:21,441
database:INFO:User table was created!:2026-09-18 11:18:21,445
database:INFO:Task table was created!:2026-09-18 11:18:21,449
database:INFO:Database schema intialized successfully!:2026-09-18 11:18:21,449
__main__:INFO:Project seeded successfully!:2026-09-18 11:18:21,450
__main__:INFO:Milestones seeded successfully!:2026-09-18 11:18:21,451
__main__:INFO:Users seeded successfully!:2026-09-18 11:18:21,452
__main__:ERROR:Database error during seeding: FOREIGN KEY constraint failed:2026-09-18 11:18:21,453
database:INFO:Project table was created!:2026-09-18 11:19:41,800
database:INFO:Milestones table was created!:2026-09-18 11:19:41,801
database:INFO:User table was created!:2026-09-18 11:19:41,801
database:INFO:Task table was created!:2026-09-18 11:19:41,801
database:INFO:Database schema intialized successfully!:2026-09-18 11:19:41,802
__main__:INFO:Project seeded successfully!:2026-09-18 11:19:41,804
__main__:INFO:Milestones seeded successfully!:2026-09-18 11:19:41,804
__main__:INFO:Users seeded successfully!:2026-09-18 11:19:41,805
__main__:ERROR:Database error during seeding: FOREIGN KEY constraint failed:2026-09-18 11:19:41,805
database:INFO:Project table was created!:2026-09-18 11:21:15,241
database:INFO:Milestones table was created!:2026-09-18 11:21:15,241
database:INFO:User table was created!:2026-09-18 11:21:15,242
database:INFO:Task table was created!:2026-09-18 11:21:15,242
database:INFO:Database schema intialized successfully!:2026-09-18 11:21:15,242
__main__:INFO:Project seeded successfully!:2026-09-18 11:21:15,243
__main__:INFO:Milestones seeded successfully!:2026-09-18 11:21:15,243
__main__:INFO:Users seeded successfully!:2026-09-18 11:21:15,244
__main__:ERROR:Database error during seeding: FOREIGN KEY constraint failed:2026-09-18 11:21:15,244
database:INFO:Project table was created!:2026-09-18 11:21:29,686
database:INFO:Milestones table was created!:2026-09-18 11:21:29,686
database:INFO:User table was created!:2026-09-18 11:21:29,686
database:INFO:Task table was created!:2026-09-18 11:21:29,687
database:INFO:Database schema intialized successfully!:2026-09-18 11:21:29,687
__main__:INFO:Project seeded successfully!:2026-09-18 11:21:29,688
__main__:INFO:Milestones seeded successfully!:2026-09-18 11:21:29,688
__main__:INFO:Users seeded successfully!:2026-09-18 11:21:29,688
__main__:ERROR:Database error during seeding: FOREIGN KEY constraint failed:2026-09-18 11:21:29,689
database:INFO:Project table was created!:2026-09-18 11:22:21,840
database:INFO:Milestones table was created!:2026-09-18 11:22:21,843
database:INFO:User table was created!:2026-09-18 11:22:21,849
database:INFO:Task table was created!:2026-09-18 11:22:21,852
database:INFO:Database schema intialized successfully!:2026-09-18 11:22:21,853
__main__:INFO:Project seeded successfully!:2026-09-18 11:22:21,854
__main__:INFO:Milestones seeded successfully!:2026-09-18 11:22:21,856
__main__:INFO:Users seeded successfully!:2026-09-18 11:22:21,857
__main__:ERROR:Database error during seeding: FOREIGN KEY constraint failed:2026-09-18 11:22:21,858
__main__:INFO:Project table was created!:2026-09-18 12:01:24,100
__main__:INFO:Milestones table was created!:2026-09-18 12:01:24,106
__main__:INFO:User table was created!:2026-09-18 12:01:24,117
__main__:INFO:Task table was created!:2026-09-18 12:01:24,121
__main__:INFO:Database schema intialized successfully!:2026-09-18 12:01:24,121
database:INFO:Project table was created!:2026-09-18 12:01:33,337
database:INFO:Milestones table was created!:2026-09-18 12:01:33,338
database:INFO:User table was created!:2026-09-18 12:01:33,338
database:INFO:Task table was created!:2026-09-18 12:01:33,338
database:INFO:Database schema intialized successfully!:2026-09-18 12:01:33,338
__main__:INFO:Project seeded successfully!:2026-09-18 12:01:33,339
__main__:INFO:Milestones seeded successfully!:2026-09-18 12:01:33,340
__main__:INFO:Users seeded successfully!:2026-09-18 12:01:33,340
__main__:ERROR:Database error during seeding: FOREIGN KEY constraint failed:2026-09-18 12:01:33,341
__main__:INFO:Project table was created!:2026-09-18 12:02:57,992
__main__:INFO:Milestones table was created!:2026-09-18 12:02:57,997
__main__:INFO:User table was created!:2026-09-18 12:02:58,001
__main__:INFO:Task table was created!:2026-09-18 12:02:58,004
__main__:INFO:Database schema intialized successfully!:2026-09-18 12:02:58,005
database:INFO:Project table was created!:2026-09-18 12:03:15,424
database:INFO:Milestones table was created!:2026-09-18 12:03:15,424
database:INFO:User table was created!:2026-09-18 12:03:15,425
database:INFO:Task table was created!:2026-09-18 12:03:15,425
database:INFO:Database schema intialized successfully!:2026-09-18 12:03:15,425
__main__:INFO:Project seeded successfully!:2026-09-18 12:03:15,426
__main__:INFO:Milestones seeded successfully!:2026-09-18 12:03:15,427
__main__:INFO:Users seeded successfully!:2026-09-18 12:03:15,427
__main__:ERROR:Database error during seeding: FOREIGN KEY constraint failed:2026-09-18 12:03:15,427
database:INFO:Project table was created!:2026-09-19 10:50:28,715
database:INFO:Milestones table was created!:2026-09-19 10:50:28,716
database:INFO:User table was created!:2026-09-19 10:50:28,716
database:INFO:Task table was created!:2026-09-19 10:50:28,717
database:INFO:Database schema intialized successfully!:2026-09-19 10:50:28,717
database:INFO:Project table was created!:2026-09-19 10:52:30,218
database:INFO:Milestones table was created!:2026-09-19 10:52:30,219
database:INFO:User table was created!:2026-09-19 10:52:30,219
database:INFO:Task table was created!:2026-09-19 10:52:30,220
database:INFO:Database schema intialized successfully!:2026-09-19 10:52:30,220
database:INFO:Project table was created!:2026-09-19 10:53:52,039
database:INFO:Milestones table was created!:2026-09-19 10:53:52,040
database:INFO:User table was created!:2026-09-19 10:53:52,040
database:INFO:Task table was created!:2026-09-19 10:53:52,040
database:INFO:Database schema intialized successfully!:2026-09-19 10:53:52,040
database:INFO:Project table was created!:2026-09-19 10:54:51,403
database:INFO:Milestones table was created!:2026-09-19 10:54:51,404
database:INFO:User table was created!:2026-09-19 10:54:51,404
database:INFO:Task table was created!:2026-09-19 10:54:51,404
database:INFO:Database schema intialized successfully!:2026-09-19 10:54:51,405
manager:INFO:Error: 'completed' ; DROP TABLE Task;--' is not a valid status.:2026-09-19 10:54:51,410
database:INFO:Project table was created!:2026-09-19 11:08:24,905
database:INFO:Milestones table was created!:2026-09-19 11:08:24,905
database:INFO:User table was created!:2026-09-19 11:08:24,905
database:INFO:Task table was created!:2026-09-19 11:08:24,906
database:INFO:Database schema intialized successfully!:2026-09-19 11:08:24,906
manager:INFO:Error: 'completed' ; DROP TABLE Task;--' is not a valid status.:2026-09-19 11:08:24,911
database:INFO:Project table was created!:2026-09-19 11:08:31,337
database:INFO:Milestones table was created!:2026-09-19 11:08:31,338
database:INFO:User table was created!:2026-09-19 11:08:31,338
database:INFO:Task table was created!:2026-09-19 11:08:31,338
database:INFO:Database schema intialized successfully!:2026-09-19 11:08:31,339
manager:INFO:Error: 'completed' ; DROP TABLE Task;--' is not a valid status.:2026-09-19 11:08:31,344
werkzeug:INFO:WARNING: This is a development server. Do not use it in a production deployment. Use a production WSGI server instead.
 * Running on http://127.0.0.1:500:2026-09-19 19:53:52,872
werkzeug:INFO:Press CTRL+C to quit:2026-09-19 19:53:52,872
werkzeug:INFO: * Restarting with stat:2026-09-19 19:53:52,876
werkzeug:WARNING: * Debugger is active!:2026-09-19 19:53:53,356
werkzeug:INFO: * Debugger PIN: 369-195-356:2026-09-19 19:53:53,359
werkzeug:INFO:127.0.0.1 - - [19/Sep/2026 19:54:58] "GET / HTTP/1.1" 200 -:2026-09-19 19:54:58,028
werkzeug:INFO:127.0.0.1 - - [19/Sep/2026 19:55:22] "GET /tasks HTTP/1.1" 404 -:2026-09-19 19:55:22,262
werkzeug:INFO:127.0.0.1 - - [19/Sep/2026 19:55:41] "GET /task HTTP/1.1" 200 -:2026-09-19 19:55:41,346
werkzeug:INFO: * Detected change in 'c:\\Users\\User\\Documents\\project-management-schema\\app.py', reloading:2026-09-19 19:57:55,809
werkzeug:INFO: * Restarting with stat:2026-09-19 19:57:55,894
werkzeug:WARNING: * Debugger is active!:2026-09-19 19:57:56,255
werkzeug:INFO: * Debugger PIN: 369-195-356:2026-09-19 19:57:56,258
werkzeug:INFO:127.0.0.1 - - [19/Sep/2026 19:58:03] "GET /task HTTP/1.1" 200 -:2026-09-19 19:58:03,696
werkzeug:INFO:127.0.0.1 - - [19/Sep/2026 19:58:05] "GET /task HTTP/1.1" 200 -:2026-09-19 19:58:05,787
werkzeug:INFO:127.0.0.1 - - [19/Sep/2026 19:58:10] "GET /task HTTP/1.1" 200 -:2026-09-19 19:58:10,128
werkzeug:INFO: * Detected change in 'c:\\Users\\User\\Documents\\project-management-schema\\app.py', reloading:2026-09-19 19:58:21,062
werkzeug:INFO: * Restarting with stat:2026-09-19 19:58:21,148
werkzeug:WARNING: * Debugger is active!:2026-09-19 19:58:21,501
werkzeug:INFO: * Debugger PIN: 369-195-356:2026-09-19 19:58:21,504
werkzeug:INFO:WARNING: This is a development server. Do not use it in a production deployment. Use a production WSGI server instead.
 * Running on http://127.0.0.1:500:2026-09-19 20:43:55,478
werkzeug:INFO:Press CTRL+C to quit:2026-09-19 20:43:55,478
werkzeug:INFO: * Restarting with stat:2026-09-19 20:43:55,483
werkzeug:WARNING: * Debugger is active!:2026-09-19 20:43:55,897
werkzeug:INFO: * Debugger PIN: 369-195-356:2026-09-19 20:43:55,900
werkzeug:INFO:127.0.0.1 - - [19/Sep/2026 20:44:06] "GET /?keyword=&user_id= HTTP/1.1" 200 -:2026-09-19 20:44:06,709
werkzeug:INFO:127.0.0.1 - - [19/Sep/2026 20:44:25] "GET /task?keyword=&user_id= HTTP/1.1" 500 -:2026-09-19 20:44:25,402
werkzeug:INFO:127.0.0.1 - - [19/Sep/2026 20:44:25] "GET /task?__debugger__=yes&cmd=resource&f=style.css HTTP/1.1" 200 -:2026-09-19 20:44:25,486
werkzeug:INFO:127.0.0.1 - - [19/Sep/2026 20:44:25] "GET /task?__debugger__=yes&cmd=resource&f=debugger.js HTTP/1.1" 200 -:2026-09-19 20:44:25,528
werkzeug:INFO:127.0.0.1 - - [19/Sep/2026 20:44:25] "GET /task?__debugger__=yes&cmd=resource&f=console.png&s=Hi4cHxgqLLZIuZo8bqtA HTTP/1.1" 200 -:2026-09-19 20:44:25,613
werkzeug:INFO:127.0.0.1 - - [19/Sep/2026 20:44:25] "GET /task?__debugger__=yes&cmd=resource&f=console.png HTTP/1.1" 200 -:2026-09-19 20:44:25,629
werkzeug:INFO: * Detected change in 'c:\\Users\\User\\Documents\\project-management-schema\\app.py', reloading:2026-09-19 20:45:18,357
werkzeug:INFO: * Restarting with stat:2026-09-19 20:45:18,443
werkzeug:WARNING: * Debugger is active!:2026-09-19 20:45:18,867
werkzeug:INFO: * Debugger PIN: 369-195-356:2026-09-19 20:45:18,870
werkzeug:INFO:WARNING: This is a development server. Do not use it in a production deployment. Use a production WSGI server instead.
 * Running on http://127.0.0.1:500:2026-09-19 20:45:21,706
werkzeug:INFO:Press CTRL+C to quit:2026-09-19 20:45:21,707
werkzeug:INFO: * Restarting with stat:2026-09-19 20:45:21,709
werkzeug:WARNING: * Debugger is active!:2026-09-19 20:45:22,072
werkzeug:INFO: * Debugger PIN: 369-195-356:2026-09-19 20:45:22,074
werkzeug:INFO:127.0.0.1 - - [19/Sep/2026 20:45:26] "GET /task?keyword=&user_id= HTTP/1.1" 500 -:2026-09-19 20:45:26,660
werkzeug:INFO:127.0.0.1 - - [19/Sep/2026 20:45:26] "GET /task?__debugger__=yes&cmd=resource&f=style.css HTTP/1.1" 304 -:2026-09-19 20:45:26,735
werkzeug:INFO:127.0.0.1 - - [19/Sep/2026 20:45:26] "GET /task?__debugger__=yes&cmd=resource&f=debugger.js HTTP/1.1" 304 -:2026-09-19 20:45:26,746
werkzeug:INFO:127.0.0.1 - - [19/Sep/2026 20:45:26] "GET /task?__debugger__=yes&cmd=resource&f=console.png&s=48YSC2q4cW7ojDPwNduo HTTP/1.1" 200 -:2026-09-19 20:45:26,775
werkzeug:INFO:127.0.0.1 - - [19/Sep/2026 20:45:26] "GET /task?__debugger__=yes&cmd=resource&f=console.png HTTP/1.1" 304 -:2026-09-19 20:45:26,791
werkzeug:INFO:WARNING: This is a development server. Do not use it in a production deployment. Use a production WSGI server instead.
 * Running on http://127.0.0.1:5000:2026-09-20 13:38:47,199
werkzeug:INFO:Press CTRL+C to quit:2026-09-20 13:38:47,200
werkzeug:INFO: * Restarting with stat:2026-09-20 13:38:47,203
werkzeug:WARNING: * Debugger is active!:2026-09-20 13:38:47,594
werkzeug:INFO: * Debugger PIN: 369-195-356:2026-09-20 13:38:47,599
werkzeug:INFO:WARNING: This is a development server. Do not use it in a production deployment. Use a production WSGI server instead.
 * Running on http://127.0.0.1:5000:2026-09-20 13:43:55,412
werkzeug:INFO:Press CTRL+C to quit:2026-09-20 13:43:55,412
werkzeug:INFO: * Restarting with stat:2026-09-20 13:43:55,414
werkzeug:WARNING: * Debugger is active!:2026-09-20 13:43:55,832
werkzeug:INFO: * Debugger PIN: 369-195-356:2026-09-20 13:43:55,835
werkzeug:INFO:127.0.0.1 - - [20/Sep/2026 13:44:02] "POST /task HTTP/1.1" 405 -:2026-09-20 13:44:02,331
werkzeug:INFO: * Detected change in 'c:\\Users\\User\\Documents\\project-management-schema\\app.py', reloading:2026-09-20 13:44:38,039
werkzeug:INFO: * Restarting with stat:2026-09-20 13:44:38,111
werkzeug:WARNING: * Debugger is active!:2026-09-20 13:44:38,628
werkzeug:INFO: * Debugger PIN: 369-195-356:2026-09-20 13:44:38,632
werkzeug:INFO:WARNING: This is a development server. Do not use it in a production deployment. Use a production WSGI server instead.
 * Running on http://127.0.0.1:5000:2026-09-20 13:44:43,816
werkzeug:INFO:Press CTRL+C to quit:2026-09-20 13:44:43,816
werkzeug:INFO: * Restarting with stat:2026-09-20 13:44:43,818
werkzeug:WARNING: * Debugger is active!:2026-09-20 13:44:44,204
werkzeug:INFO: * Debugger PIN: 369-195-356:2026-09-20 13:44:44,207
werkzeug:INFO:127.0.0.1 - - [20/Sep/2026 13:44:52] "POST /task HTTP/1.1" 400 -:2026-09-20 13:44:52,364
werkzeug:INFO:127.0.0.1 - - [20/Sep/2026 13:45:37] "POST /task HTTP/1.1" 400 -:2026-09-20 13:45:37,649
werkzeug:INFO:127.0.0.1 - - [20/Sep/2026 13:47:45] "POST /task HTTP/1.1" 400 -:2026-09-20 13:47:45,814
werkzeug:INFO: * Detected change in 'c:\\Users\\User\\Documents\\project-management-schema\\app.py', reloading:2026-09-20 13:48:34,239
werkzeug:INFO: * Restarting with stat:2026-09-20 13:48:34,314
werkzeug:WARNING: * Debugger is active!:2026-09-20 13:48:34,678
werkzeug:INFO: * Debugger PIN: 369-195-356:2026-09-20 13:48:34,681
werkzeug:INFO:127.0.0.1 - - [20/Sep/2026 13:49:10] "POST /task HTTP/1.1" 400 -:2026-09-20 13:49:10,501
werkzeug:INFO: * Detected change in 'c:\\Users\\User\\Documents\\project-management-schema\\app.py', reloading:2026-09-20 13:51:43,225
werkzeug:INFO: * Restarting with stat:2026-09-20 13:51:43,286
werkzeug:WARNING: * Debugger is active!:2026-09-20 13:51:43,713
werkzeug:INFO: * Debugger PIN: 369-195-356:2026-09-20 13:51:43,717
werkzeug:INFO:127.0.0.1 - - [20/Sep/2026 13:52:05] "POST /task HTTP/1.1" 400 -:2026-09-20 13:52:05,154
werkzeug:INFO: * Detected change in 'c:\\Users\\User\\Documents\\project-management-schema\\app.py', reloading:2026-09-20 13:53:02,188
werkzeug:INFO: * Restarting with stat:2026-09-20 13:53:02,316
werkzeug:WARNING: * Debugger is active!:2026-09-20 13:53:02,794
werkzeug:INFO: * Debugger PIN: 369-195-356:2026-09-20 13:53:02,797
werkzeug:INFO:127.0.0.1 - - [20/Sep/2026 13:53:06] "POST /task HTTP/1.1" 400 -:2026-09-20 13:53:06,707
werkzeug:INFO: * Detected change in 'c:\\Users\\User\\Documents\\project-management-schema\\app.py', reloading:2026-09-20 14:01:18,848
werkzeug:INFO: * Restarting with stat:2026-09-20 14:01:18,920
werkzeug:WARNING: * Debugger is active!:2026-09-20 14:01:19,415
werkzeug:INFO: * Debugger PIN: 369-195-356:2026-09-20 14:01:19,418
werkzeug:INFO:127.0.0.1 - - [20/Sep/2026 14:01:36] "POST /task HTTP/1.1" 400 -:2026-09-20 14:01:36,465
werkzeug:INFO: * Detected change in 'c:\\Users\\User\\Documents\\project-management-schema\\app.py', reloading:2026-09-20 14:02:20,339
werkzeug:INFO: * Restarting with stat:2026-09-20 14:02:20,417
werkzeug:WARNING: * Debugger is active!:2026-09-20 14:02:20,916
werkzeug:INFO: * Debugger PIN: 369-195-356:2026-09-20 14:02:20,919
werkzeug:INFO: * Detected change in 'c:\\Users\\User\\Documents\\project-management-schema\\manager.py', reloading:2026-09-20 14:35:44,612
werkzeug:INFO: * Restarting with stat:2026-09-20 14:35:44,682
werkzeug:WARNING: * Debugger is active!:2026-09-20 14:35:45,081
werkzeug:INFO: * Debugger PIN: 369-195-356:2026-09-20 14:35:45,084
werkzeug:INFO: * Detected change in 'c:\\Users\\User\\Documents\\project-management-schema\\manager.py', reloading:2026-09-20 14:35:55,407
werkzeug:INFO: * Restarting with stat:2026-09-20 14:35:55,473
werkzeug:WARNING: * Debugger is active!:2026-09-20 14:35:55,822
werkzeug:INFO: * Debugger PIN: 369-195-356:2026-09-20 14:35:55,825
werkzeug:INFO: * Detected change in 'c:\\Users\\User\\Documents\\project-management-schema\\manager.py', reloading:2026-09-20 14:35:57,888
werkzeug:INFO: * Restarting with stat:2026-09-20 14:35:57,965
werkzeug:WARNING: * Debugger is active!:2026-09-20 14:35:58,321
werkzeug:INFO: * Debugger PIN: 369-195-356:2026-09-20 14:35:58,324
database:INFO:Project table was created!:2026-09-20 14:50:19,982
database:INFO:Milestones table was created!:2026-09-20 14:50:19,983
database:INFO:User table was created!:2026-09-20 14:50:19,983
database:INFO:Task table was created!:2026-09-20 14:50:19,984
database:INFO:Database schema intialized successfully!:2026-09-20 14:50:19,984
__main__:INFO:Project seeded successfully!:2026-09-20 14:50:19,985
__main__:INFO:Milestones seeded successfully!:2026-09-20 14:50:19,986
__main__:INFO:Users seeded successfully!:2026-09-20 14:50:19,986
werkzeug:INFO:WARNING: This is a development server. Do not use it in a production deployment. Use a production WSGI server instead.
 * Running on http://127.0.0.1:5000:2026-09-20 15:03:58,394
werkzeug:INFO:Press CTRL+C to quit:2026-09-20 15:03:58,395
werkzeug:INFO: * Restarting with stat:2026-09-20 15:03:58,400
werkzeug:WARNING: * Debugger is active!:2026-09-20 15:03:59,551
werkzeug:INFO: * Debugger PIN: 369-195-356:2026-09-20 15:03:59,555
werkzeug:INFO:WARNING: This is a development server. Do not use it in a production deployment. Use a production WSGI server instead.
 * Running on http://127.0.0.1:5000:2026-09-20 15:06:24,136
werkzeug:INFO:Press CTRL+C to quit:2026-09-20 15:06:24,137
werkzeug:INFO: * Restarting with stat:2026-09-20 15:06:24,139
werkzeug:WARNING: * Debugger is active!:2026-09-20 15:06:24,532
werkzeug:INFO: * Debugger PIN: 369-195-356:2026-09-20 15:06:24,535
werkzeug:INFO: * Detected change in 'c:\\Users\\User\\Documents\\project-management-schema\\seed.py', reloading:2026-09-20 15:06:31,713
werkzeug:INFO: * Restarting with stat:2026-09-20 15:06:31,788
werkzeug:WARNING: * Debugger is active!:2026-09-20 15:06:32,174
werkzeug:INFO: * Debugger PIN: 369-195-356:2026-09-20 15:06:32,177
database:INFO:Project table was created!:2026-09-20 15:06:48,721
database:INFO:Milestones table was created!:2026-09-20 15:06:48,722
database:INFO:User table was created!:2026-09-20 15:06:48,723
database:INFO:Task table was created!:2026-09-20 15:06:48,723
database:INFO:Database schema intialized successfully!:2026-09-20 15:06:48,723
__main__:INFO:Project seeded successfully!:2026-09-20 15:06:48,725
__main__:INFO:Milestones seeded successfully!:2026-09-20 15:06:48,725
__main__:INFO:Users seeded successfully!:2026-09-20 15:06:48,725
database:INFO:Project table was created!:2026-09-20 15:07:34,856
database:INFO:Milestones table was created!:2026-09-20 15:07:34,856
database:INFO:User table was created!:2026-09-20 15:07:34,857
database:INFO:Task table was created!:2026-09-20 15:07:34,857
database:INFO:Database schema intialized successfully!:2026-09-20 15:07:34,857
__main__:INFO:Project seeded successfully!:2026-09-20 15:07:34,858
__main__:INFO:Milestones seeded successfully!:2026-09-20 15:07:34,858
__main__:INFO:Users seeded successfully!:2026-09-20 15:07:34,859
__main__:INFO:Tasks seeded successfully!:2026-09-20 15:07:34,859
database:INFO:Project table was created!:2026-09-20 15:16:20,886
database:INFO:Milestones table was created!:2026-09-20 15:16:20,887
database:INFO:User table was created!:2026-09-20 15:16:20,887
database:INFO:Task table was created!:2026-09-20 15:16:20,888
database:INFO:Database schema intialized successfully!:2026-09-20 15:16:20,888
__main__:INFO:Project seeded successfully!:2026-09-20 15:16:20,889
__main__:INFO:Milestones seeded successfully!:2026-09-20 15:16:20,889
__main__:INFO:Users seeded successfully!:2026-09-20 15:16:20,890
__main__:INFO:Tasks seeded successfully!:2026-09-20 15:16:20,890
werkzeug:INFO:WARNING: This is a development server. Do not use it in a production deployment. Use a production WSGI server instead.
 * Running on http://127.0.0.1:5000:2026-09-20 15:16:43,071
werkzeug:INFO:Press CTRL+C to quit:2026-09-20 15:16:43,071
werkzeug:INFO: * Restarting with stat:2026-09-20 15:16:43,074
werkzeug:WARNING: * Debugger is active!:2026-09-20 15:16:43,475
werkzeug:INFO: * Debugger PIN: 740-548-572:2026-09-20 15:16:43,478
werkzeug:INFO:127.0.0.1 - - [20/Sep/2026 15:17:02] "DELETE /task/1 HTTP/1.1" 400 -:2026-09-20 15:17:02,285
werkzeug:INFO:127.0.0.1 - - [20/Sep/2026 15:17:02] "DELETE /task/999 HTTP/1.1" 400 -:2026-09-20 15:17:02,540
werkzeug:INFO: * Detected change in 'C:\\Users\\User\\Documents\\project-management-schema\\app.py', reloading:2026-09-20 15:18:06,863
werkzeug:INFO: * Restarting with stat:2026-09-20 15:18:06,931
werkzeug:WARNING: * Debugger is active!:2026-09-20 15:18:07,291
werkzeug:INFO: * Debugger PIN: 740-548-572:2026-09-20 15:18:07,294
werkzeug:INFO: * Detected change in 'C:\\Users\\User\\Documents\\project-management-schema\\seed.py', reloading:2026-09-20 15:21:05,616
werkzeug:INFO: * Restarting with stat:2026-09-20 15:21:05,680
werkzeug:WARNING: * Debugger is active!:2026-09-20 15:21:06,073
werkzeug:INFO: * Debugger PIN: 740-548-572:2026-09-20 15:21:06,076
werkzeug:INFO: * Detected change in 'C:\\Users\\User\\Documents\\project-management-schema\\seed.py', reloading:2026-09-20 15:21:44,162
werkzeug:INFO: * Restarting with stat:2026-09-20 15:21:44,233
werkzeug:WARNING: * Debugger is active!:2026-09-20 15:21:44,647
werkzeug:INFO: * Debugger PIN: 740-548-572:2026-09-20 15:21:44,650
database:INFO:Project table was created!:2026-09-20 15:21:46,354
database:INFO:Milestones table was created!:2026-09-20 15:21:46,354
database:INFO:User table was created!:2026-09-20 15:21:46,355
database:INFO:Task table was created!:2026-09-20 15:21:46,355
database:INFO:Database schema intialized successfully!:2026-09-20 15:21:46,355
__main__:INFO:Project seeded successfully!:2026-09-20 15:21:46,356
__main__:INFO:Milestones seeded successfully!:2026-09-20 15:21:46,357
__main__:INFO:Users seeded successfully!:2026-09-20 15:21:46,357
__main__:INFO:Tasks seeded successfully!:2026-09-20 15:21:46,357
werkzeug:INFO:WARNING: This is a development server. Do not use it in a production deployment. Use a production WSGI server instead.
 * Running on http://127.0.0.1:5000:2026-09-20 15:22:21,334
werkzeug:INFO:Press CTRL+C to quit:2026-09-20 15:22:21,334
werkzeug:INFO: * Restarting with stat:2026-09-20 15:22:21,336
werkzeug:WARNING: * Debugger is active!:2026-09-20 15:22:21,724
werkzeug:INFO: * Debugger PIN: 740-548-572:2026-09-20 15:22:21,727
werkzeug:INFO:127.0.0.1 - - [20/Sep/2026 15:22:36] "DELETE /task/1 HTTP/1.1" 200 -:2026-09-20 15:22:36,925
werkzeug:INFO:127.0.0.1 - - [20/Sep/2026 15:22:37] "DELETE /task/999 HTTP/1.1" 404 -:2026-09-20 15:22:37,146
werkzeug:INFO: * Detected change in 'C:\\Users\\User\\Documents\\project-management-schema\\app.py', reloading:2026-09-20 15:27:28,284
werkzeug:INFO: * Restarting with stat:2026-09-20 15:27:28,358
werkzeug:WARNING: * Debugger is active!:2026-09-20 15:27:28,707
werkzeug:INFO: * Debugger PIN: 740-548-572:2026-09-20 15:27:28,710
werkzeug:INFO: * Detected change in 'C:\\Users\\User\\Documents\\project-management-schema\\app.py', reloading:2026-09-20 15:27:34,920
werkzeug:INFO: * Restarting with stat:2026-09-20 15:27:34,994
werkzeug:WARNING: * Debugger is active!:2026-09-20 15:27:35,429
werkzeug:INFO: * Debugger PIN: 740-548-572:2026-09-20 15:27:35,431
werkzeug:INFO:WARNING: This is a development server. Do not use it in a production deployment. Use a production WSGI server instead.
 * Running on http://127.0.0.1:5000:2026-09-21 11:36:02,789
werkzeug:INFO:Press CTRL+C to quit:2026-09-21 11:36:02,791
werkzeug:INFO: * Restarting with stat:2026-09-21 11:36:02,801
werkzeug:WARNING: * Debugger is active!:2026-09-21 11:36:03,287
werkzeug:INFO: * Debugger PIN: 740-548-572:2026-09-21 11:36:03,291
werkzeug:INFO: * Detected change in 'C:\\Users\\User\\Documents\\project-management-schema\\routs\\tasks.py', reloading:2026-09-21 11:39:52,286
werkzeug:INFO: * Restarting with stat:2026-09-21 11:39:52,354
werkzeug:INFO:WARNING: This is a development server. Do not use it in a production deployment. Use a production WSGI server instead.
 * Running on http://127.0.0.1:5000:2026-09-21 11:47:12,086
werkzeug:INFO:Press CTRL+C to quit:2026-09-21 11:47:12,087
werkzeug:INFO: * Restarting with stat:2026-09-21 11:47:12,089
werkzeug:WARNING: * Debugger is active!:2026-09-21 11:47:12,430
werkzeug:INFO: * Debugger PIN: 740-548-572:2026-09-21 11:47:12,432
werkzeug:INFO:127.0.0.1 - - [21/Sep/2026 11:47:28] "GET /health HTTP/1.1" 404 -:2026-09-21 11:47:28,114
werkzeug:INFO:127.0.0.1 - - [21/Sep/2026 11:47:28] "DELETE /task/999 HTTP/1.1" 404 -:2026-09-21 11:47:28,465
werkzeug:INFO:127.0.0.1 - - [21/Sep/2026 11:50:04] "GET / HTTP/1.1" 200 -:2026-09-21 11:50:04,745
werkzeug:INFO:127.0.0.1 - - [21/Sep/2026 11:50:04] "DELETE /task/999 HTTP/1.1" 404 -:2026-09-21 11:50:04,993
werkzeug:INFO:WARNING: This is a development server. Do not use it in a production deployment. Use a production WSGI server instead.
 * Running on http://127.0.0.1:5000:2026-09-21 13:26:27,085
werkzeug:INFO:Press CTRL+C to quit:2026-09-21 13:26:27,086
werkzeug:INFO: * Restarting with stat:2026-09-21 13:26:27,089
werkzeug:WARNING: * Debugger is active!:2026-09-21 13:26:27,514
werkzeug:INFO: * Debugger PIN: 740-548-572:2026-09-21 13:26:27,520
werkzeug:INFO:127.0.0.1 - - [21/Sep/2026 13:26:39] "GET /health HTTP/1.1" 404 -:2026-09-21 13:26:39,514
werkzeug:INFO: * Detected change in 'C:\\Users\\User\\Documents\\project-management-schema\\app.py', reloading:2026-09-21 13:27:47,971
werkzeug:INFO: * Restarting with stat:2026-09-21 13:27:48,049
werkzeug:WARNING: * Debugger is active!:2026-09-21 13:27:48,447
werkzeug:INFO: * Debugger PIN: 740-548-572:2026-09-21 13:27:48,450
werkzeug:INFO:WARNING: This is a development server. Do not use it in a production deployment. Use a production WSGI server instead.
 * Running on http://127.0.0.1:5000:2026-09-21 13:28:17,058
werkzeug:INFO:Press CTRL+C to quit:2026-09-21 13:28:17,058
werkzeug:INFO: * Restarting with stat:2026-09-21 13:28:17,060
werkzeug:WARNING: * Debugger is active!:2026-09-21 13:28:17,410
werkzeug:INFO: * Debugger PIN: 740-548-572:2026-09-21 13:28:17,413
werkzeug:INFO:127.0.0.1 - - [21/Sep/2026 13:28:37] "GET /health HTTP/1.1" 200 -:2026-09-21 13:28:37,491
werkzeug:INFO: * Detected change in 'C:\\Users\\User\\Documents\\project-management-schema\\app.py', reloading:2026-09-21 13:36:51,448
werkzeug:INFO: * Restarting with stat:2026-09-21 13:36:51,525
werkzeug:WARNING: * Debugger is active!:2026-09-21 13:36:51,896
werkzeug:INFO: * Debugger PIN: 740-548-572:2026-09-21 13:36:51,899
werkzeug:INFO:[31m[1mWARNING: This is a development server. Do not use it in a production deployment. Use a production WSGI server instead.[0m
 * Running on http://127.0.0.1:5000:2026-09-21 16:18:13,624
werkzeug:INFO:[33mPress CTRL+C to quit[0m:2026-09-21 16:18:13,625
werkzeug:INFO: * Restarting with stat:2026-09-21 16:18:13,628
werkzeug:WARNING: * Debugger is active!:2026-09-21 16:18:14,244
werkzeug:INFO: * Debugger PIN: 369-195-356:2026-09-21 16:18:14,573
werkzeug:INFO:[31m[1mWARNING: This is a development server. Do not use it in a production deployment. Use a production WSGI server instead.[0m
 * Running on http://127.0.0.1:5000:2026-09-21 16:18:22,216
werkzeug:INFO:[33mPress CTRL+C to quit[0m:2026-09-21 16:18:22,216
werkzeug:INFO: * Restarting with stat:2026-09-21 16:18:22,218
werkzeug:WARNING: * Debugger is active!:2026-09-21 16:18:22,590
werkzeug:INFO: * Debugger PIN: 740-548-572:2026-09-21 16:18:22,593
werkzeug:INFO: * Detected change in 'c:\\Users\\User\\Documents\\project-management-schema\\tests\\conftest.py', reloading:2026-09-21 16:20:39,171
werkzeug:INFO: * Detected change in 'C:\\Users\\User\\Documents\\project-management-schema\\tests\\conftest.py', reloading:2026-09-21 16:20:39,194
werkzeug:INFO: * Restarting with stat:2026-09-21 16:20:39,287
werkzeug:INFO: * Restarting with stat:2026-09-21 16:20:39,292
werkzeug:WARNING: * Debugger is active!:2026-09-21 16:20:39,849
werkzeug:INFO: * Debugger PIN: 369-195-356:2026-09-21 16:20:39,854
werkzeug:WARNING: * Debugger is active!:2026-09-21 16:20:39,870
werkzeug:INFO: * Debugger PIN: 740-548-572:2026-09-21 16:20:39,873
werkzeug:INFO: * Detected change in 'c:\\Users\\User\\Documents\\project-management-schema\\tests\\test_tasks.py', reloading:2026-09-21 16:23:09,925
werkzeug:INFO: * Detected change in 'C:\\Users\\User\\Documents\\project-management-schema\\tests\\test_tasks.py', reloading:2026-09-21 16:23:09,925
werkzeug:INFO: * Restarting with stat:2026-09-21 16:23:10,081
werkzeug:INFO: * Restarting with stat:2026-09-21 16:23:10,091
werkzeug:WARNING: * Debugger is active!:2026-09-21 16:23:10,510
werkzeug:INFO: * Debugger PIN: 369-195-356:2026-09-21 16:23:10,513
werkzeug:INFO: * Detected change in 'c:\\Users\\User\\Documents\\project-management-schema\\tests\\test_tasks.py', reloading:2026-09-21 16:24:16,751
werkzeug:INFO: * Detected change in 'C:\\Users\\User\\Documents\\project-management-schema\\tests\\test_tasks.py', reloading:2026-09-21 16:24:16,754
werkzeug:INFO: * Restarting with stat:2026-09-21 16:24:16,844
werkzeug:INFO: * Restarting with stat:2026-09-21 16:24:16,850
werkzeug:WARNING: * Debugger is active!:2026-09-21 16:24:17,235
werkzeug:WARNING: * Debugger is active!:2026-09-21 16:24:17,236
werkzeug:INFO: * Debugger PIN: 740-548-572:2026-09-21 16:24:17,238
werkzeug:INFO: * Debugger PIN: 369-195-356:2026-09-21 16:24:17,238
werkzeug:INFO: * Detected change in 'c:\\Users\\User\\Documents\\project-management-schema\\tests\\test_tasks.py', reloading:2026-09-21 16:24:47,344
werkzeug:INFO: * Detected change in 'C:\\Users\\User\\Documents\\project-management-schema\\tests\\test_tasks.py', reloading:2026-09-21 16:24:47,344
werkzeug:INFO: * Restarting with stat:2026-09-21 16:24:47,439
werkzeug:INFO: * Restarting with stat:2026-09-21 16:24:47,448
werkzeug:WARNING: * Debugger is active!:2026-09-21 16:24:48,048
werkzeug:INFO: * Debugger PIN: 740-548-572:2026-09-21 16:24:48,054
werkzeug:WARNING: * Debugger is active!:2026-09-21 16:24:48,128
werkzeug:INFO: * Debugger PIN: 369-195-356:2026-09-21 16:24:48,132
werkzeug:INFO: * Detected change in 'C:\\Users\\User\\Documents\\project-management-schema\\tests\\test_tasks.py', reloading:2026-09-21 16:26:34,973
werkzeug:INFO: * Detected change in 'c:\\Users\\User\\Documents\\project-management-schema\\tests\\test_tasks.py', reloading:2026-09-21 16:26:34,973
werkzeug:INFO: * Restarting with stat:2026-09-21 16:26:35,086
werkzeug:INFO: * Restarting with stat:2026-09-21 16:26:35,091
werkzeug:WARNING: * Debugger is active!:2026-09-21 16:26:35,473
werkzeug:INFO: * Debugger PIN: 369-195-356:2026-09-21 16:26:35,476
werkzeug:WARNING: * Debugger is active!:2026-09-21 16:26:35,477
werkzeug:INFO: * Debugger PIN: 740-548-572:2026-09-21 16:26:35,480
werkzeug:INFO: * Detected change in 'C:\\Users\\User\\Documents\\project-management-schema\\tests\\test_tasks.py', reloading:2026-09-21 16:31:41,826
werkzeug:INFO: * Detected change in 'c:\\Users\\User\\Documents\\project-management-schema\\tests\\test_tasks.py', reloading:2026-09-21 16:31:41,827
werkzeug:INFO: * Restarting with stat:2026-09-21 16:31:41,922
werkzeug:INFO: * Restarting with stat:2026-09-21 16:31:41,928
werkzeug:WARNING: * Debugger is active!:2026-09-21 16:31:42,345
werkzeug:INFO: * Debugger PIN: 740-548-572:2026-09-21 16:31:42,348
werkzeug:INFO: * Detected change in 'c:\\Users\\User\\Documents\\project-management-schema\\tests\\test_tasks.py', reloading:2026-09-21 16:32:36,259
werkzeug:INFO: * Detected change in 'C:\\Users\\User\\Documents\\project-management-schema\\tests\\test_tasks.py', reloading:2026-09-21 16:32:36,262
werkzeug:INFO: * Restarting with stat:2026-09-21 16:32:36,350
werkzeug:INFO: * Restarting with stat:2026-09-21 16:32:36,350
werkzeug:WARNING: * Debugger is active!:2026-09-21 16:32:36,757
werkzeug:INFO: * Debugger PIN: 740-548-572:2026-09-21 16:32:36,760
werkzeug:WARNING: * Debugger is active!:2026-09-21 16:32:36,767
werkzeug:INFO: * Debugger PIN: 369-195-356:2026-09-21 16:32:36,770
werkzeug:INFO: * Detected change in 'c:\\Users\\User\\Documents\\project-management-schema\\tests\\test_tasks.py', reloading:2026-09-21 16:33:47,125
werkzeug:INFO: * Detected change in 'C:\\Users\\User\\Documents\\project-management-schema\\tests\\test_tasks.py', reloading:2026-09-21 16:33:47,129
werkzeug:INFO: * Restarting with stat:2026-09-21 16:33:47,220
werkzeug:INFO: * Restarting with stat:2026-09-21 16:33:47,227
werkzeug:WARNING: * Debugger is active!:2026-09-21 16:33:47,637
werkzeug:INFO: * Debugger PIN: 369-195-356:2026-09-21 16:33:47,640
werkzeug:WARNING: * Debugger is active!:2026-09-21 16:33:47,645
werkzeug:INFO: * Debugger PIN: 740-548-572:2026-09-21 16:33:47,649
werkzeug:INFO: * Detected change in 'c:\\Users\\User\\Documents\\project-management-schema\\tests\\conftest.py', reloading:2026-09-21 18:28:17,756
werkzeug:INFO: * Detected change in 'C:\\Users\\User\\Documents\\project-management-schema\\tests\\conftest.py', reloading:2026-09-21 18:28:17,756
werkzeug:INFO: * Restarting with stat:2026-09-21 18:28:18,042
werkzeug:INFO: * Restarting with stat:2026-09-21 18:28:18,044
werkzeug:WARNING: * Debugger is active!:2026-09-21 18:28:18,614
werkzeug:INFO: * Debugger PIN: 369-195-356:2026-09-21 18:28:18,619
werkzeug:INFO: * Detected change in 'c:\\Users\\User\\Documents\\project-management-schema\\tests\\conftest.py', reloading:2026-09-21 18:28:40,284
werkzeug:INFO: * Detected change in 'C:\\Users\\User\\Documents\\project-management-schema\\tests\\conftest.py', reloading:2026-09-21 18:28:40,292
werkzeug:INFO: * Restarting with stat:2026-09-21 18:28:40,366
werkzeug:INFO: * Restarting with stat:2026-09-21 18:28:40,383
werkzeug:WARNING: * Debugger is active!:2026-09-21 18:28:40,841
werkzeug:WARNING: * Debugger is active!:2026-09-21 18:28:40,843
werkzeug:INFO: * Debugger PIN: 369-195-356:2026-09-21 18:28:40,844
werkzeug:INFO: * Debugger PIN: 740-548-572:2026-09-21 18:28:40,845
werkzeug:INFO: * Detected change in 'c:\\Users\\User\\Documents\\project-management-schema\\tests\\test_tasks.py', reloading:2026-09-21 18:29:55,530
werkzeug:INFO: * Detected change in 'C:\\Users\\User\\Documents\\project-management-schema\\tests\\test_tasks.py', reloading:2026-09-21 18:29:55,532
werkzeug:INFO: * Restarting with stat:2026-09-21 18:29:55,619
werkzeug:INFO: * Restarting with stat:2026-09-21 18:29:55,619
werkzeug:WARNING: * Debugger is active!:2026-09-21 18:29:55,991
werkzeug:WARNING: * Debugger is active!:2026-09-21 18:29:55,991
werkzeug:INFO: * Debugger PIN: 740-548-572:2026-09-21 18:29:55,994
werkzeug:INFO: * Debugger PIN: 369-195-356:2026-09-21 18:29:55,994
werkzeug:INFO: * Detected change in 'C:\\Users\\User\\Documents\\project-management-schema\\routes\\tasks.py', reloading:2026-09-21 18:40:36,432
werkzeug:INFO: * Detected change in 'c:\\Users\\User\\Documents\\project-management-schema\\routes\\tasks.py', reloading:2026-09-21 18:40:36,433
werkzeug:INFO: * Restarting with stat:2026-09-21 18:40:36,556
werkzeug:INFO: * Restarting with stat:2026-09-21 18:40:36,556
werkzeug:WARNING: * Debugger is active!:2026-09-21 18:40:37,192
werkzeug:INFO: * Debugger PIN: 740-548-572:2026-09-21 18:40:37,195
werkzeug:INFO: * Detected change in 'C:\\Users\\User\\Documents\\project-management-schema\\routes\\tasks.py', reloading:2026-09-21 18:41:03,003
werkzeug:INFO: * Detected change in 'c:\\Users\\User\\Documents\\project-management-schema\\routes\\tasks.py', reloading:2026-09-21 18:41:03,003
werkzeug:INFO: * Restarting with stat:2026-09-21 18:41:03,180
werkzeug:INFO: * Restarting with stat:2026-09-21 18:41:03,180
werkzeug:WARNING: * Debugger is active!:2026-09-21 18:41:03,560
werkzeug:WARNING: * Debugger is active!:2026-09-21 18:41:03,560
werkzeug:INFO: * Debugger PIN: 369-195-356:2026-09-21 18:41:03,562
werkzeug:INFO: * Debugger PIN: 740-548-572:2026-09-21 18:41:03,562
werkzeug:INFO:[31m[1mWARNING: This is a development server. Do not use it in a production deployment. Use a production WSGI server instead.[0m
 * Running on http://127.0.0.1:5000:2026-09-21 18:41:51,697
werkzeug:INFO:[33mPress CTRL+C to quit[0m:2026-09-21 18:41:51,698
werkzeug:INFO: * Restarting with stat:2026-09-21 18:41:51,700
werkzeug:WARNING: * Debugger is active!:2026-09-21 18:41:52,079
werkzeug:INFO: * Debugger PIN: 740-548-572:2026-09-21 18:41:52,081
werkzeug:INFO: * Detected change in 'C:\\Users\\User\\Documents\\project-management-schema\\tests\\test_tasks.py', reloading:2026-09-21 18:45:04,712
werkzeug:INFO: * Restarting with stat:2026-09-21 18:45:04,801
werkzeug:WARNING: * Debugger is active!:2026-09-21 18:45:05,215
werkzeug:INFO: * Debugger PIN: 740-548-572:2026-09-21 18:45:05,217
database:INFO:Project table was created!:2026-09-21 18:45:34,311
database:INFO:Milestones table was created!:2026-09-21 18:45:34,312
database:INFO:User table was created!:2026-09-21 18:45:34,312
database:INFO:Task table was created!:2026-09-21 18:45:34,312
database:INFO:Database schema intialized successfully!:2026-09-21 18:45:34,313
database:INFO:Project table was created!:2026-09-21 18:45:34,332
database:INFO:Milestones table was created!:2026-09-21 18:45:34,333
database:INFO:User table was created!:2026-09-21 18:45:34,333
database:INFO:Task table was created!:2026-09-21 18:45:34,333
database:INFO:Database schema intialized successfully!:2026-09-21 18:45:34,333
database:INFO:Project table was created!:2026-09-21 18:45:34,341
database:INFO:Milestones table was created!:2026-09-21 18:45:34,341
database:INFO:User table was created!:2026-09-21 18:45:34,341
database:INFO:Task table was created!:2026-09-21 18:45:34,342
database:INFO:Database schema intialized successfully!:2026-09-21 18:45:34,342
database:INFO:Project table was created!:2026-09-21 18:45:34,350
database:INFO:Milestones table was created!:2026-09-21 18:45:34,350
database:INFO:User table was created!:2026-09-21 18:45:34,350
database:INFO:Task table was created!:2026-09-21 18:45:34,351
database:INFO:Database schema intialized successfully!:2026-09-21 18:45:34,351
werkzeug:INFO: * Detected change in 'C:\\Users\\User\\Documents\\project-management-schema\\routes\\tasks.py', reloading:2026-09-21 18:47:36,189
werkzeug:INFO: * Restarting with stat:2026-09-21 18:47:36,268
werkzeug:WARNING: * Debugger is active!:2026-09-21 18:47:36,650
werkzeug:INFO: * Debugger PIN: 740-548-572:2026-09-21 18:47:36,653
werkzeug:INFO: * Detected change in 'C:\\Users\\User\\Documents\\project-management-schema\\tests\\test_tasks.py', reloading:2026-09-21 18:48:34,437
werkzeug:INFO: * Restarting with stat:2026-09-21 18:48:34,504
werkzeug:WARNING: * Debugger is active!:2026-09-21 18:48:34,897
werkzeug:INFO: * Debugger PIN: 740-548-572:2026-09-21 18:48:34,900
werkzeug:INFO:[31m[1mWARNING: This is a development server. Do not use it in a production deployment. Use a production WSGI server instead.[0m
 * Running on http://127.0.0.1:5000:2026-09-21 18:48:55,231
werkzeug:INFO:[33mPress CTRL+C to quit[0m:2026-09-21 18:48:55,231
werkzeug:INFO: * Restarting with stat:2026-09-21 18:48:55,233
werkzeug:WARNING: * Debugger is active!:2026-09-21 18:48:55,594
werkzeug:INFO: * Debugger PIN: 740-548-572:2026-09-21 18:48:55,597
werkzeug:INFO: * Detected change in 'C:\\Users\\User\\Documents\\project-management-schema\\tests\\test_tasks.py', reloading:2026-09-21 18:49:03,875
werkzeug:INFO: * Restarting with stat:2026-09-21 18:49:04,025
werkzeug:WARNING: * Debugger is active!:2026-09-21 18:49:04,479
werkzeug:INFO: * Debugger PIN: 740-548-572:2026-09-21 18:49:04,484
database:INFO:Project table was created!:2026-09-21 18:49:07,160
database:INFO:Milestones table was created!:2026-09-21 18:49:07,160
database:INFO:User table was created!:2026-09-21 18:49:07,161
database:INFO:Task table was created!:2026-09-21 18:49:07,161
database:INFO:Database schema intialized successfully!:2026-09-21 18:49:07,161
database:INFO:Project table was created!:2026-09-21 18:49:07,177
database:INFO:Milestones table was created!:2026-09-21 18:49:07,177
database:INFO:User table was created!:2026-09-21 18:49:07,177
database:INFO:Task table was created!:2026-09-21 18:49:07,177
database:INFO:Database schema intialized successfully!:2026-09-21 18:49:07,177
database:INFO:Project table was created!:2026-09-21 18:49:07,186
database:INFO:Milestones table was created!:2026-09-21 18:49:07,187
database:INFO:User table was created!:2026-09-21 18:49:07,187
database:INFO:Task table was created!:2026-09-21 18:49:07,187
database:INFO:Database schema intialized successfully!:2026-09-21 18:49:07,187
database:INFO:Project table was created!:2026-09-21 18:49:07,195
database:INFO:Milestones table was created!:2026-09-21 18:49:07,195
database:INFO:User table was created!:2026-09-21 18:49:07,195
database:INFO:Task table was created!:2026-09-21 18:49:07,195
database:INFO:Database schema intialized successfully!:2026-09-21 18:49:07,196
database:INFO:Project table was created!:2026-09-21 18:49:07,208
database:INFO:Milestones table was created!:2026-09-21 18:49:07,209
database:INFO:User table was created!:2026-09-21 18:49:07,209
database:INFO:Task table was created!:2026-09-21 18:49:07,209
database:INFO:Database schema intialized successfully!:2026-09-21 18:49:07,209
